[minimal-x86] build kernel only
[minimal-x86] features: default,memory_self_test,trap_self_test
[minimal-x86] log level: DEBUG
[minimal-x86] switches: initrd=y drive=y net=y input=n gpu=n
Building...
ARCH: x86_64
PLATFORM: plat_qemu_x86_64
TARGET: x86_64-unknown-none
SMP: 2
VF2_SD: n
PLATFORM=plat_qemu_x86_64 RUSTFLAGS='--cfg getrandom_backend="custom" --cfg plat_qemu_x86_64' LOG=DEBUG cargo build --release -p kernel --target ./tools/x86_64.json -Z build-std=core,alloc -Z build-std-features=compiler-builtins-mem --features default,memory_self_test,trap_self_test
   Compiling config v0.1.0 (/home/hjch/AsyncAlien/domain-lib/config)
warning: unused import: `AtomicUsize`
 --> domain-lib/arch/src/x86_64.rs:5:37
  |
5 | use core::sync::atomic::{AtomicU64, AtomicUsize, Ordering};
  |                                     ^^^^^^^^^^^
  |
  = note: `#[warn(unused_imports)]` (part of `#[warn(unused)]`) on by default

warning: `arch` (lib) generated 1 warning (run `cargo fix --lib -p arch` to apply 1 suggestion)
   Compiling ksync v0.1.0 (/home/hjch/AsyncAlien/domain-lib/ksync)
   Compiling platform v0.1.0 (/home/hjch/AsyncAlien/base/platform)
   Compiling basic v0.1.0 (/home/hjch/AsyncAlien/domain-lib/basic)
warning: function `cpu_num` is never used
  --> base/platform/src/common_x86_64/ap.rs:61:8
   |
61 | pub fn cpu_num() -> usize {
   |        ^^^^^^^
   |
   = note: `#[warn(dead_code)]` (part of `#[warn(unused)]`) on by default

warning: function `start_aps` is never used
  --> base/platform/src/common_x86_64/ap.rs:68:8
   |
68 | pub fn start_aps() {
   |        ^^^^^^^^^

warning: function `current_time_nanos` is never used
  --> base/platform/src/common_x86_64/time/mod.rs:31:8
   |
31 | pub fn current_time_nanos() -> u64 {
   |        ^^^^^^^^^^^^^^^^^^

warning: function `apic_timer_frequency` is never used
  --> base/platform/src/common_x86_64/time/apic_timer.rs:71:8
   |
71 | pub fn apic_timer_frequency() -> u64 {
   |        ^^^^^^^^^^^^^^^^^^^^

warning: function `set_timer_at_tsc` is never used
  --> base/platform/src/common_x86_64/time/apic_timer.rs:99:8
   |
99 | pub fn set_timer_at_tsc(deadline_tsc: u64) {
   |        ^^^^^^^^^^^^^^^^

warning: function `disable_apic_timer` is never used
   --> base/platform/src/common_x86_64/time/apic_timer.rs:113:8
    |
113 | pub fn disable_apic_timer() {
    |        ^^^^^^^^^^^^^^^^^^

warning: function `current_wall_time_secs` is never used
  --> base/platform/src/common_x86_64/time/rtc.rs:23:8
   |
23 | pub fn current_wall_time_secs() -> u64 {
   |        ^^^^^^^^^^^^^^^^^^^^^^

warning: function `current_wall_time_nanos` is never used
  --> base/platform/src/common_x86_64/time/rtc.rs:30:8
   |
30 | pub fn current_wall_time_nanos() -> u128 {
   |        ^^^^^^^^^^^^^^^^^^^^^^^

warning: function `ticks_to_nanos` is never used
  --> base/platform/src/common_x86_64/time/tsc.rs:72:8
   |
72 | pub fn ticks_to_nanos(ticks: u64) -> u64 {
   |        ^^^^^^^^^^^^^^

warning: function `ticks_since_init` is never used
  --> base/platform/src/common_x86_64/time/tsc.rs:93:8
   |
93 | pub fn ticks_since_init() -> u64 {
   |        ^^^^^^^^^^^^^^^^

   Compiling mem v0.1.0 (/home/hjch/AsyncAlien/base/mem)
warning: `platform` (lib) generated 10 warnings
   Compiling kernel v0.1.0 (/home/hjch/AsyncAlien/kernel)
warning: static `PLIC_DOMAIN` is never used
  --> kernel/src/trap/mod.rs:41:12
   |
41 | pub static PLIC_DOMAIN: Once<Arc<dyn PLICDomain>> = Once::new();
   |            ^^^^^^^^^^^
   |
   = note: `#[warn(dead_code)]` (part of `#[warn(unused)]`) on by default

warning: function `register_plic_domain` is never used
  --> kernel/src/trap/mod.rs:69:8
   |
69 | pub fn register_plic_domain(plic_domain: Arc<dyn PLICDomain>) {
   |        ^^^^^^^^^^^^^^^^^^^^

warning: `kernel` (bin "kernel") generated 2 warnings
    Finished `release` profile [optimized] target(s) in 12.40s
[minimal-x86] run qemu
qemu-system-x86_64: warning: TCG doesn't support requested feature: CPUID.01H:ECX.x2apic [bit 21]
qemu-system-x86_64: warning: TCG doesn't support requested feature: CPUID.01H:ECX.x2apic [bit 21]
c[?7l[2J[0mSeaBIOS (version rel-1.16.0-0-gd239552ce722-prebuilt.qemu.org)


iPXE (http://ipxe.org) 00:04.0 CA00 PCI2.10 PnP PMM+7FF910B0+7FEF10B0 CA00
Press Ctrl-B to configure iPXE (PCI 00:04.0)...                                                                               


Booting from ROM..[11511200913578585177] [x86_boot] main_entry magic=0x2badb002 mbi=0x9500
[0] 
     _      _   _
    / \    | | (_)   ___   _ __
   / _ \   | | | |  / _ \ | '_ \
  / ___ \  | | | | |  __/ | | | |
 /_/   \_\ |_| |_|  \___| |_| |_|

[0] Initrd from multiboot: 0xb4e000..0xd70b5a
[0] Init logger Some("DEBUG")
[0] Frame range: 0x10b4d000..0x7ffdd000, pages=0x6f490
[0] initrd copy: src=0xb4e000, size=2239322, head=[1f, 8b, 8, 0]->[1f, 8b, 8, 0]
[0] initrd copy crc32: src=0x4c7dbab1, dst=0x4c7dbab1
[0] Relocate initrd data to 0x10b5b000
[0] Frame allocator init success
[0] Talloc allocator init success
[0] kernel text:          0x200000-0x2d5000
[0] kernel rodata:        0x2d5000-0x2f0000
[0] kernel init_array:    0x2f0000-0x2f0000
[0] kernel data:          0x2f0000-0xb35000
[0] kernel bss:           0xb35000-0xb4d000
[0] kernel heap:          0xb4d000-0x10b4d000
[0] kernel alloc range:   0x10b4d000-0x7ffdd000
[0] map local_apic: 0xfee00000-0xfee01000
[0] map io_apic: 0xfec00000-0xfec01000
[0] map hpet: 0xfed00000-0xfed01000
[0] map pci_ecam: 0xb0000000-0xc0000000
[0] [memory_self_test] pass: start verify_kernel_page_table_mappings
[0] [memory_self_test] pass: kernel sections and trampoline mapped
[0] [memory_self_test] pass: alloc_ranges mapped, count=1
[0] [memory_self_test] pass: device ranges mapped, count=4
[0] [memory_self_test] pass: root page table aligned
[0] [memory_self_test] pass: verify_kernel_page_table_mappings done
[0] Build kernel address space success
[0] [memory_self_test] pass: cr3 matches kernel root page table
[0] [memory_self_test] pass: verify_kernel_page_table_activated done
[0] Activate paging mode success
[0] ++++ setup interrupt ++++
[0] ++++ setup interrupt done, enable:true ++++
[0] [trap_self_test] trigger breakpoint
[0] Kernel trap: vector=3, RIP=0x2b9e77, error=0x0
[0] [trap_self_test] hit breakpoint at RIP=0x2b9e77
[0] [trap_self_test] breakpoint entered at RIP=0x2b9e77
[0] [35m[INFO] Breakpoint at RIP=0x2b9e77[0m
[0] [trap_self_test] breakpoint self-test passed
[0] Boot CPU 0
[0] Machine: qemu-x86_64-pc
SMP:     2 CPUs
Memory:  0x100000..0x7ffdd000
Compat:  plic=0x0..0x0, clint=0x0..0x0
Initrd:  0xb4e000..0xd70b5a
Bootargs: target/x86_64/release/kernel rdinit=/init

[0] [32m[DEBUG] [bus][x86_64][init_with_acpi] step1: enumerate ACPI static devices[0m
[0] [32m[DEBUG] [bus][x86_64] enumerate static ACPI devices[0m
[0] [32m[DEBUG] [bus][x86_64][acpi] initial local_apic_address=0xfee00000[0m
[0] [32m[DEBUG] [bus][x86_64] make_common_device: base=0xfee00000, size=0x1000, irq=None, compatible=Some("local_apic")[0m
[0] [32m[DEBUG] [bus][x86_64] make_common_device: base=0xfec00000, size=0x1000, irq=None, compatible=Some("io_apic")[0m
[0] [93m[WARN] [bus][x86_64][acpi] SPCR missing, fallback to AML/COM path[0m
[0] [32m[DEBUG] [bus][x86_64][acpi] FADT present, use CMOS RTC fixed io range[0m
[0] [32m[DEBUG] [bus][x86_64] make_common_device: base=0x70, size=0x2, irq=Some(8), compatible=Some("cmos_rtc")[0m
[0] [32m[DEBUG] [bus][x86_64][init_with_acpi] step2: apply aml fallback[0m
[0] [93m[WARN] [bus][x86_64][fallback] UART missing in static tables, try AML fallback[0m
[0] [93m[WARN] [bus][x86_64][acpi] enter AML UART fallback path[0m
[0] [32m[DEBUG] [bus][x86_64][acpi] DSDT found[0m
[0] [32m[DEBUG] [bus][x86_64][acpi] DSDT loaded[0m
[0] [32m[DEBUG] [bus][x86_64][acpi] AML tables loaded: 1[0m
[0] [35m[INFO] Invoking _INI at level: \_SB_.PCI0.PRES[0m
[0] [93m[WARN] [bus][x86_64][acpi][aml] \_SB_.HPET filtered by _STA: present=false, enabled=false[0m
[0] [31m[ERROR] Failed to execute control method: TypeCannotBeWrittenToBufferField(FieldUnit)[0m
[0] [31m[ERROR] Failed to execute control method: TypeCannotBeWrittenToBufferField(FieldUnit)[0m
[0] [93m[WARN] [bus][x86_64][acpi][aml] invoke \_SB_.LNKA._CRS._CRS failed: TypeCannotBeWrittenToBufferField(FieldUnit)[0m
[0] [31m[ERROR] Failed to execute control method: TypeCannotBeWrittenToBufferField(FieldUnit)[0m
[0] [31m[ERROR] Failed to execute control method: TypeCannotBeWrittenToBufferField(FieldUnit)[0m
[0] [93m[WARN] [bus][x86_64][acpi][aml] invoke \_SB_.LNKB._CRS._CRS failed: TypeCannotBeWrittenToBufferField(FieldUnit)[0m
[0] [93m[WARN] [bus][x86_64][acpi][aml] \_SB_.LNKC filtered by _STA: present=true, enabled=false[0m
[0] [31m[ERROR] Failed to execute control method: TypeCannotBeWrittenToBufferField(FieldUnit)[0m
[0] [31m[ERROR] Failed to execute control method: TypeCannotBeWrittenToBufferField(FieldUnit)[0m
[0] [93m[WARN] [bus][x86_64][acpi][aml] invoke \_SB_.LNKD._CRS._CRS failed: TypeCannotBeWrittenToBufferField(FieldUnit)[0m
[0] [32m[DEBUG] [bus][x86_64][init_with_acpi] step3: enumerate PCI devices[0m
[0] [93m[WARN] [bus][x86_64][acpi][pci] MCFG unavailable, fallback ecam=0xb0000000..0xc0000000[0m
[0] [32m[DEBUG] [bus][x86_64][init_with_acpi] step4: register base devices[0m
[0] [35m[INFO] [PlatformCommonDevice]: Found platform device, device name:"local_apic", irq number:None[0m
[0] [35m[INFO] [PlatformCommonDevice]: Found platform device, device name:"io_apic", irq number:None[0m
[0] [35m[INFO] [PlatformCommonDevice]: Found platform device, device name:"rtc", irq number:Some(8)[0m
[0] [35m[INFO] [PlatformCommonDevice]: Found platform device, device name:"uart", irq number:Some(4)[0m
[0] [35m[INFO] [PciCommonDevice]: Found PCI ECAM region, addr: PA:0xb0000000..PA:0xc0000000[0m
[0] [93m[WARN] [bus][x86_64][pci] ECAM scan empty, fallback to CF8/CFC[0m
[0] [93m[WARN] [bus][x86_64][pci] ECAM empty, fallback CF8/CFC found 7 endpoint(s)[0m
[0] [35m[INFO] [PciBus]: discovered 7 PCI endpoint(s)[0m
[0] [32m[DEBUG] [bus][x86_64][init_with_acpi] step5: collect virtio devices from PCI endpoints[0m
[0] [32m[DEBUG] [bus][x86_64][virtio] detected virtio @ 0000:00:03.0[0m
[0] [32m[DEBUG] [bus][x86_64][virtio] detected virtio @ 0000:00:04.0[0m
[0] [32m[DEBUG] [bus][x86_64][init_with_acpi] step6: print consolidated probe summary[0m
[0] [32m[DEBUG] [bus][x86_64][probe] local_apic @ 0xfee00000..0xfee01000[0m
[0] [32m[DEBUG] [bus][x86_64][probe] io_apic @ 0xfec00000..0xfec01000[0m
[0] [32m[DEBUG] [bus][x86_64][probe] rtc @ 0x70..0x72, irq=Some(8), compatible=Some("cmos_rtc")[0m
[0] [32m[DEBUG] [bus][x86_64][probe] uart @ 0x3f8..0x400, irq=Some(4), compatible=Some("ns16550a")[0m
[0] [32m[DEBUG] [bus][x86_64][probe] pci_ecam @ 0xb0000000..0xc0000000[0m
[0] [32m[DEBUG] [bus][x86_64][probe] virtio @ 0000:00:03.0[0m
[0] [32m[DEBUG] [bus][x86_64][probe] virtio @ 0000:00:04.0[0m
[0] [32m[DEBUG] [bus][x86_64][probe] summary: local_apic=1, io_apic=1, uart=1, rtc=1, pci_ecam=1, virtio=2[0m
[0] [bus][x86_64][pci] virtio summary: blk=1, net=1, input=0, gpu=0
[0] [bus][x86_64][pci] virtio-blk @ 0000:00:03.0 (vendor=1af4, device=1001)
[0] [bus][x86_64][pci] virtio-net @ 0000:00:04.0 (vendor=1af4, device=1000)
[0] <register domain>: buf_uart
[0] <register domain>: buf_input
[0] <register domain>: cache_blk
[0] <register domain>: devfs
[0] <register domain>: fatfs
[0] <register domain>: null
[0] <register domain>: pipefs
[0] <register domain>: procfs
[0] <register domain>: ramfs
[0] <register domain>: random
[0] <register domain>: shadow_blk
[0] <register domain>: syscall
[0] <register domain>: sysfs
[0] <register domain>: fifo_scheduler
[0] <register domain>: task
[0] <register domain>: vfs
[0] <register domain>: uart16550
[0] <register domain>: virtio_mmio_block
[0] <register domain>: net_stack
[0] <register domain>: logger
[0] <register domain>: domainfs
[0] <register domain>: local_apic
[0] <register domain>: io_apic
[0] <register domain>: apic
[0] <register domain>: virtio_mmio_net
[0] <register domain>: virtio_mmio_input
[0] <register domain>: virtio_mmio_gpu
[0] [35m[INFO] init data allocator success[0m
[0] [35m[INFO] Load SchedulerDomain domain, size: 81KB[0m
[0] [32m[DEBUG] Domain address:0xd6f978[0m
[0] [32m[DEBUG] Domain type:SharedObject[0m
[0] [31m[ERROR] [alloc_free_module_region] virt_start: 0x801dd000, size: 0x15000[0m
[0] [35m[INFO] create domain database for domain_id: 1[0m
[0][Domain:1] Fifo Scheduler
[0] [31m[Load new domain] Time elapsed: 4840 us[0m
[0] <attach domain>: scheduler, it's name is scheduler
[0] [35m[INFO] Load LogDomain domain, size: 72KB[0m
[0] [32m[DEBUG] Domain address:0xe87ed8[0m
[0] [32m[DEBUG] Domain type:SharedObject[0m
[0] [31m[ERROR] [alloc_free_module_region] virt_start: 0x801f2000, size: 0x12000[0m
[0] [35m[INFO] create domain database for domain_id: 2[0m
[0] [31m[Load new domain] Time elapsed: 1098 us[0m
[0][Domain:2] Logger init
[0] <attach domain>: logger, it's name is logger
[0] [35m[INFO] Load FsDomain domain, size: 340KB[0m
[0] [32m[DEBUG] Domain address:0xce08a0[0m
[0] [32m[DEBUG] Domain type:SharedObject[0m
[0] [31m[ERROR] [alloc_free_module_region] virt_start: 0x80204000, size: 0x55000[0m
[0] [35m[INFO] create domain database for domain_id: 3[0m
[0] [31m[Load new domain] Time elapsed: 2359 us[0m
[0] <attach domain>: fatfs, it's name is fatfs-1
[0] [35m[INFO] Load FsDomain domain, size: 272KB[0m
[0] [32m[DEBUG] Domain address:0xd9baa8[0m
[0] [32m[DEBUG] Domain type:SharedObject[0m
[0] [31m[ERROR] [alloc_free_module_region] virt_start: 0x80259000, size: 0x44000[0m
[0] [35m[INFO] create domain database for domain_id: 4[0m
[0] [31m[Load new domain] Time elapsed: 1396 us[0m
[0] <attach domain>: ramfs, it's name is ramfs-1
[0] [35m[INFO] Load DevFsDomain domain, size: 290KB[0m
[0] [32m[DEBUG] Domain address:0xc97e40[0m
[0] [32m[DEBUG] Domain type:SharedObject[0m
[0] [31m[ERROR] [alloc_free_module_region] virt_start: 0x8029d000, size: 0x49000[0m
[0] [35m[INFO] create domain database for domain_id: 5[0m
[0] [31m[Load new domain] Time elapsed: 2190 us[0m
[0] <attach domain>: devfs, it's name is devfs
[0] [35m[INFO] Load FsDomain domain, size: 273KB[0m
[0] [32m[DEBUG] Domain address:0xe43ab0[0m
[0] [32m[DEBUG] Domain type:SharedObject[0m
[0] [31m[ERROR] [alloc_free_module_region] virt_start: 0x802e6000, size: 0x44000[0m
[0] [35m[INFO] create domain database for domain_id: 6[0m
[0] [31m[Load new domain] Time elapsed: 1880 us[0m
[0] <attach domain>: procfs, it's name is procfs
[0] [35m[INFO] Load FsDomain domain, size: 250KB[0m
[0] [32m[DEBUG] Domain address:0xddfc88[0m
[0] [32m[DEBUG] Domain type:SharedObject[0m
[0] [31m[ERROR] [alloc_free_module_region] virt_start: 0x8032a000, size: 0x3f000[0m
[0] [35m[INFO] create domain database for domain_id: 7[0m
[0] [31m[Load new domain] Time elapsed: 1862 us[0m
[0] <attach domain>: sysfs, it's name is sysfs
[0] [35m[INFO] Load FsDomain domain, size: 250KB[0m
[0] [32m[DEBUG] Domain address:0xc15250[0m
[0] [32m[DEBUG] Domain type:SharedObject[0m
[0] [31m[ERROR] [alloc_free_module_region] virt_start: 0x80369000, size: 0x3f000[0m
[0] [35m[INFO] create domain database for domain_id: 8[0m
[0] [31m[Load new domain] Time elapsed: 1876 us[0m
[0] <attach domain>: pipefs, it's name is pipefs
[0] [35m[INFO] Load FsDomain domain, size: 272KB[0m
[0] [32m[DEBUG] Domain address:0xc53ac8[0m
[0] [32m[DEBUG] Domain type:SharedObject[0m
[0] [31m[ERROR] [alloc_free_module_region] virt_start: 0x803a8000, size: 0x44000[0m
[0] [35m[INFO] create domain database for domain_id: 9[0m
[0] [31m[Load new domain] Time elapsed: 2224 us[0m
[0] <attach domain>: domainfs, it's name is domainfs
[0] [35m[INFO] Load VfsDomain domain, size: 374KB[0m
[0] [32m[DEBUG] Domain address:0xf1d528[0m
[0] [32m[DEBUG] Domain type:SharedObject[0m
[0] [31m[ERROR] [alloc_free_module_region] virt_start: 0x803ec000, size: 0x5e000[0m
[0] [35m[INFO] create domain database for domain_id: 10[0m
[0] [31m[Load new domain] Time elapsed: 1638 us[0m
[0] <attach domain>: vfs, it's name is vfs
[0] [35m[INFO] Load TaskDomain domain, size: 59KB[0m
[0] [32m[DEBUG] Domain address:0xd35ac0[0m
[0] [32m[DEBUG] Domain type:SharedObject[0m
[0] [31m[ERROR] [alloc_free_module_region] virt_start: 0x8044a000, size: 0xf000[0m
[0] [35m[INFO] create domain database for domain_id: 11[0m
[0] [31m[Load new domain] Time elapsed: 758 us[0m
[0] <attach domain>: task, it's name is task
[0] [35m[INFO] Load APICDomain domain, size: 59KB[0m
[0] [32m[DEBUG] Domain address:0xb8bd10[0m
[0] [32m[DEBUG] Domain type:SharedObject[0m
[0] [31m[ERROR] [alloc_free_module_region] virt_start: 0x80459000, size: 0xf000[0m
[0] [35m[INFO] create domain database for domain_id: 12[0m
[0] [31m[Load new domain] Time elapsed: 1158 us[0m
[0] <attach domain>: apic, it's name is apic
[0] [35m[INFO] Load EmptyDeviceDomain domain, size: 59KB[0m
[0] [32m[DEBUG] Domain address:0xf7ae98[0m
[0] [32m[DEBUG] Domain type:SharedObject[0m
[0] [31m[ERROR] [alloc_free_module_region] virt_start: 0x80468000, size: 0xf000[0m
[0] [35m[INFO] create domain database for domain_id: 13[0m
[0] [31m[Load new domain] Time elapsed: 758 us[0m
[0] <attach domain>: local_apic, it's name is local_apic
[0] [35m[INFO] Load EmptyDeviceDomain domain, size: 59KB[0m
[0] [32m[DEBUG] Domain address:0xb9aa58[0m
[0] [32m[DEBUG] Domain type:SharedObject[0m
[0] [31m[ERROR] [alloc_free_module_region] virt_start: 0x80477000, size: 0xf000[0m
[0] [35m[INFO] create domain database for domain_id: 14[0m
[0] [31m[Load new domain] Time elapsed: 672 us[0m
[0] <attach domain>: io_apic, it's name is io_apic
[0] [93m[WARN] rtc device detected, rtc domain is not wired yet[0m
[0] [35m[INFO] Load UartDomain domain, size: 59KB[0m
[0] [32m[DEBUG] Domain address:0xe9a108[0m
[0] [32m[DEBUG] Domain type:SharedObject[0m
[0] [31m[ERROR] [alloc_free_module_region] virt_start: 0x80486000, size: 0xf000[0m
[0] [35m[INFO] create domain database for domain_id: 15[0m
[0] [31m[Load new domain] Time elapsed: 742 us[0m
[0] <attach domain>: uart, it's name is uart
[0] [35m[INFO] Load BufUartDomain domain, size: 77KB[0m
[0] [32m[DEBUG] Domain address:0xb786b0[0m
[0] [32m[DEBUG] Domain type:SharedObject[0m
[0] [31m[ERROR] [alloc_free_module_region] virt_start: 0x80495000, size: 0x14000[0m
[0] [35m[INFO] create domain database for domain_id: 16[0m
[0] [31m[Load new domain] Time elapsed: 1036 us[0m
[0][Domain:16] init buf uart success
[0] <attach domain>: buf_uart, it's name is buf_uart
[0] [32m[DEBUG] <drop> for DVec[0m
[0] [32m[DEBUG] <drop> for DBox 0xbceca8[0m
[0] [32m[DEBUG] <custom_drop> for DBox 0xbceca8[0m
[0] [32m[DEBUG] default for u8[0m
[0] [35m[INFO] Load BlkDeviceDomain domain, size: 103KB[0m
[0] [32m[DEBUG] Domain address:0xeca978[0m
[0] [32m[DEBUG] Domain type:SharedObject[0m
[0] [31m[ERROR] [alloc_free_module_region] virt_start: 0x804a9000, size: 0x1a000[0m
[0] [35m[INFO] create domain database for domain_id: 17[0m
[0] [31m[Load new domain] Time elapsed: 1094 us[0m
[0][Domain:17] virtio_blk_pci(legacy): 0000:00:03.0, io=0xc000-0xc100
[0][Domain:17] virtio_blk_pci: create blk driver
[0][Domain:17] virtio_blk_pci: driver ready
[0] virtio-pci block @ 0000:00:03.0
[0] <attach domain>: virtio_block, it's name is virtio_block-1
[0] <attach domain>: block, it's name is block-1
[0] [35m[INFO] Load NetDeviceDomain domain, size: 103KB[0m
[0] [32m[DEBUG] Domain address:0xd55c40[0m
[0] [32m[DEBUG] Domain type:SharedObject[0m
[0] [31m[ERROR] [alloc_free_module_region] virt_start: 0x804c3000, size: 0x1a000[0m
[0] [35m[INFO] create domain database for domain_id: 18[0m
[0] [31m[Load new domain] Time elapsed: 965 us[0m
[0][Domain:18] virtio_net_pci(legacy): 0000:00:04.0, io=0xc080-0xc180
[0] <attach domain>: virtio_net, it's name is virtio_net-1
[0] <attach domain>: nic, it's name is nic-1
[0] [35m[INFO] Load NetDomain domain, size: 146KB[0m
[0] [32m[DEBUG] Domain address:0xee4738[0m
[0] [32m[DEBUG] Domain type:SharedObject[0m
[0] [31m[ERROR] [alloc_free_module_region] virt_start: 0x804dd000, size: 0x25000[0m
[0] [35m[INFO] create domain database for domain_id: 19[0m
[0] [31m[Load new domain] Time elapsed: 1405 us[0m
[0][Domain:19] net stack init successes!
[0] <attach domain>: net_stack, it's name is net_stack
[0] [35m[INFO] Load ShadowBlockDomain domain, size: 81KB[0m
[0] [32m[DEBUG] Domain address:0xf08fe0[0m
[0] [32m[DEBUG] Domain type:SharedObject[0m
[0] [31m[ERROR] [alloc_free_module_region] virt_start: 0x80502000, size: 0x15000[0m
[0] [35m[INFO] create domain database for domain_id: 20[0m
[0] [31m[Load new domain] Time elapsed: 1050 us[0m
[0] <attach domain>: shadow_blk, it's name is shadow_blk-1
[0] [35m[INFO] Load CacheBlkDeviceDomain domain, size: 85KB[0m
[0] [32m[DEBUG] Domain address:0xe2e4f0[0m
[0] [32m[DEBUG] Domain type:SharedObject[0m
[0] [31m[ERROR] [alloc_free_module_region] virt_start: 0x80517000, size: 0x16000[0m
[0] [35m[INFO] create domain database for domain_id: 21[0m
[0] [31m[Load new domain] Time elapsed: 2604 us[0m
[0] <attach domain>: cache_blk, it's name is cache_blk-1
[0] [35m[INFO] Load EmptyDeviceDomain domain, size: 63KB[0m
[0] [32m[DEBUG] Domain address:0xbbcdb0[0m
[0] [32m[DEBUG] Domain type:SharedObject[0m
[0] [31m[ERROR] [alloc_free_module_region] virt_start: 0x8052d000, size: 0x10000[0m
[0] [35m[INFO] create domain database for domain_id: 22[0m
[0] [31m[Load new domain] Time elapsed: 723 us[0m
[0] <attach domain>: null, it's name is null
[0] [35m[INFO] Load EmptyDeviceDomain domain, size: 63KB[0m
[0] [32m[DEBUG] Domain address:0xe1e500[0m
[0] [32m[DEBUG] Domain type:SharedObject[0m
[0] [31m[ERROR] [alloc_free_module_region] virt_start: 0x8053d000, size: 0x10000[0m
[0] [35m[INFO] create domain database for domain_id: 23[0m
[0] [31m[Load new domain] Time elapsed: 691 us[0m
[0] <attach domain>: random, it's name is random
[0][Domain:5] devfs FsDomain init
[0][Domain:3] fatfs FsDomain init
[0][Domain:4] ramfs FsDomain init
[0][Domain:6] procfs FsDomain init
[0][Domain:7] sysfs FsDomain init
[0][Domain:9] get domain info success
[0][Domain:9] domainfs FsDomain init
[0][Domain:4] ramfs mount success
[0][Domain:10] ramfs init success
[0][Domain:6] procfs mount success
[0] [35m[INFO] Load FsDomain domain, size: 272KB[0m
[0] [32m[DEBUG] Domain address:0xd9baa8[0m
[0] [32m[DEBUG] Domain type:SharedObject[0m
[0] [31m[ERROR] [alloc_free_module_region] virt_start: 0x8054d000, size: 0x44000[0m
[0] [35m[INFO] create domain database for domain_id: 24[0m
[0] [31m[Load new domain] Time elapsed: 1431 us[0m
[0][Domain:24] ramfs FsDomain init
[0] <attach domain>: ramfs, it's name is ramfs-2
[0][Domain:24] ramfs mount success
[0][Domain:10] procfs init success
[0][Domain:5] devfs mount success
[0][Domain:10] gpu domain not found
[0][Domain:10] mouse domain not found
[0][Domain:10] keyboard domain not found
[0][Domain:10] devfs init success
[0][Domain:7] sysfs mount success
[0][Domain:10] sysfs init success
[0] [35m[INFO] Load FsDomain domain, size: 272KB[0m
[0] [32m[DEBUG] Domain address:0xd9baa8[0m
[0] [32m[DEBUG] Domain type:SharedObject[0m
[0] [31m[ERROR] [alloc_free_module_region] virt_start: 0x80591000, size: 0x44000[0m
[0] [35m[INFO] create domain database for domain_id: 25[0m
[0] [31m[Load new domain] Time elapsed: 1549 us[0m
[0][Domain:25] ramfs FsDomain init
[0] <attach domain>: ramfs, it's name is ramfs-3
[0][Domain:25] ramfs mount success
[0][Domain:8] pipefs mount success
[0][Domain:10] pipefs init success
[0] [35m[INFO] Load FsDomain domain, size: 272KB[0m
[0] [32m[DEBUG] Domain address:0xd9baa8[0m
[0] [32m[DEBUG] Domain type:SharedObject[0m
[0] [31m[ERROR] [alloc_free_module_region] virt_start: 0x805d5000, size: 0x44000[0m
[0] [35m[INFO] create domain database for domain_id: 26[0m
[0] [31m[Load new domain] Time elapsed: 1676 us[0m
[0][Domain:26] ramfs FsDomain init
[0] <attach domain>: ramfs, it's name is ramfs-4
[0][Domain:26] ramfs mount success
[0][Domain:9] domainfs mount success
[0][Domain:10] Initrd populate success
qemu-system-x86_64: terminating on signal 15 from pid 6184 (timeout)
